// Jest Snapshot v1, https://goo.gl/fbAQLP

exports[`convertToLitegraph 1`] = `
{
  "links": [
    {
      "id": 0,
      "origin_id": 0,
      "origin_slot": 0,
      "target_id": 2,
      "target_slot": 1,
    },
    {
      "id": 1,
      "origin_id": 1,
      "origin_slot": 0,
      "target_id": 2,
      "target_slot": 1,
    },
    {
      "id": 2,
      "origin_id": 2,
      "origin_slot": 0,
      "target_id": 3,
      "target_slot": 0,
    },
    {
      "id": 3,
      "origin_id": 0,
      "origin_slot": 0,
      "target_id": 3,
      "target_slot": 1,
    },
  ],
  "nodes": [
    {
      "id": 0,
      "inputs": [],
      "outputs": [
        {
          "links": [
            0,
            3,
          ],
          "name": "num",
          "type": "number",
        },
      ],
      "pos": [
        50,
        200,
      ],
      "title": "num1",
      "type": "js/const/number",
      "value": undefined,
    },
    {
      "id": 1,
      "inputs": [],
      "outputs": [
        {
          "links": [
            1,
          ],
          "name": "num",
          "type": "number",
        },
      ],
      "pos": [
        350,
        200,
      ],
      "title": "num2",
      "type": "js/const/number",
      "value": undefined,
    },
    {
      "id": 2,
      "inputs": [
        {
          "link": null,
          "name": "a",
          "type": "number",
        },
        {
          "link": 1,
          "name": "b",
          "type": "number",
        },
      ],
      "outputs": [
        {
          "links": [
            2,
          ],
          "name": "sum",
          "type": "number",
        },
      ],
      "pos": [
        100,
        100,
      ],
      "title": "add1",
      "type": "js/math/add",
      "value": undefined,
    },
    {
      "id": 3,
      "inputs": [
        {
          "link": 2,
          "name": "a",
          "type": "number",
        },
        {
          "link": 3,
          "name": "b",
          "type": "number",
        },
      ],
      "outputs": [
        {
          "links": [],
          "name": "product",
          "type": "number",
        },
      ],
      "pos": [
        300,
        100,
      ],
      "title": "mult1",
      "type": "js/math/mult",
      "value": undefined,
    },
  ],
}
`;
